Analyzing CampusBazzar2...                                      

warning - Unused import: 'dart:io' - lib\providers\product_provider.dart:1:8 - unused_import
   info - Parameter 'key' could be a super parameter - lib\screens\auth\login_screen.dart:10:9 - use_super_parameters
   info - Parameter 'key' could be a super parameter - lib\screens\auth\register_screen.dart:8:9 - use_super_parameters
   info - Parameter 'key' could be a super parameter - lib\screens\auth\splash_screen.dart:8:9 - use_super_parameters
   info - Parameter 'key' could be a super parameter - lib\screens\chat\chat_list_screen.dart:9:9 - use_super_parameters
   info - Parameter 'key' could be a super parameter - lib\screens\chat\chat_list_screen.dart:75:9 - use_super_parameters
warning - Unused import: 'package:cloud_firestore/cloud_firestore.dart' - lib\screens\chat\chat_screen.dart:3:8 - unused_import
   info - Parameter 'key' could be a super parameter - lib\screens\chat\chat_screen.dart:13:9 - use_super_parameters
   info - Parameter 'key' could be a super parameter - lib\screens\home\home_screen.dart:17:9 - use_super_parameters
   info - Parameter 'key' could be a super parameter - lib\screens\home\home_screen.dart:121:9 - use_super_parameters
   info - 'withOpacity' is deprecated and shouldn't be used. Use .withValues() to avoid precision loss - lib\screens\home\home_screen.dart:277:55 - deprecated_member_use
   info - Parameter 'key' could be a super parameter - lib\screens\home\post_item_screen.dart:19:9 - use_super_parameters
warning - The value of the field '_imageFile' isn't used - lib\screens\home\post_item_screen.dart:32:9 - unused_field
warning - The value of the local variable 'imageWidget' isn't used - lib\screens\home\post_item_screen.dart:149:12 - unused_local_variable
   info - 'value' is deprecated and shouldn't be used. Use initialValue instead. This will set the initial value for the form field. This feature was deprecated after v3.33.0-1.0.pre - lib\screens\home\post_item_screen.dart:215:19 - deprecated_member_use
   info - Parameter 'key' could be a super parameter - lib\screens\home\product_details_screen.dart:13:9 - use_super_parameters
warning - Unused import: '../../widgets/product_card.dart' - lib\screens\profile\profile_screen.dart:6:8 - unused_import
warning - Unused import: '../home/post_item_screen.dart' - lib\screens\profile\profile_screen.dart:8:8 - unused_import
   info - Parameter 'key' could be a super parameter - lib\screens\profile\profile_screen.dart:13:9 - use_super_parameters
  error - Undefined name 'kDebugMode' - lib\services\notification_service.dart:20:11 - undefined_identifier
   info - Don't invoke 'print' in production code - lib\services\notification_service.dart:21:9 - avoid_print
  error - Undefined name 'kDebugMode' - lib\services\notification_service.dart:27:13 - undefined_identifier
   info - Don't invoke 'print' in production code - lib\services\notification_service.dart:28:11 - avoid_print
   info - Unnecessary 'const' keyword - lib\services\notification_service.dart:57:24 - unnecessary_const
   info - 'background' is deprecated and shouldn't be used. Use surface instead. This feature was deprecated after v3.18.0-0.1.pre - lib\theme\app_theme.dart:19:9 - deprecated_member_use
   info - Parameter 'key' could be a super parameter - lib\widgets\custom_button.dart:10:9 - use_super_parameters
   info - Parameter 'key' could be a super parameter - lib\widgets\custom_text_field.dart:13:9 - use_super_parameters
   info - Parameter 'key' could be a super parameter - lib\widgets\loading_indicator.dart:6:9 - use_super_parameters
   info - Parameter 'key' could be a super parameter - lib\widgets\product_card.dart:9:9 - use_super_parameters
   info - Parameter 'key' could be a super parameter - lib\widgets\universal_image.dart:11:9 - use_super_parameters

